<html>
<body>
<pre>
<h1>µVision Build Log</h1>
<h2>Project:</h2>
J:\MyFirstJob\MyFirstJob.uvproj
Project File Date:  09/05/2014

<h2>Output:</h2>
Build target 'MyFirstJob'
assembling cortexm3_macro.s...
assembling stm32f10x_vector.s...
compiling stm32f10x_rcc.c...
compiling stm32f10x_flash.c...
compiling stm32f10x_gpio.c...
compiling stm32f10x_lib.c...
compiling stm32f10x_it.c...
compiling main.c...
src\main.c(7): warning:  #1-D: last line of file ends without a newline
linking...
Program Size: Code=456 RO-data=320 RW-data=0 ZI-data=2144  
".\obj\MyFirstJob.axf" - 0 Error(s), 1 Warning(s).
Build target 'MyFirstJob'
compiling main.c...
linking...
Program Size: Code=456 RO-data=320 RW-data=0 ZI-data=2144  
".\obj\MyFirstJob.axf" - 0 Error(s), 0 Warning(s).
