<html>
<body>
<pre>
<h1>µVision Build Log</h1>
<h2>Project:</h2>
F:\STM32_2014_training\ADC_FFT_UART\test.uvproj
Project File Date:  11/07/2019

<h2>Output:</h2>
Rebuild target 'UART'
assembling cortexm3_macro.s...
assembling stm32f10x_vector.s...
compiling stm32f10x_rcc.c...
compiling stm32f10x_flash.c...
compiling stm32f10x_gpio.c...
compiling stm32f10x_lib.c...
compiling stm32f10x_usart.c...
compiling stm32f10x_adc.c...
compiling stm32f10x_it.c...
compiling main.c...
compiling init.c...
assembling cr4_fft_1024_stm32.s...
linking...
Program Size: Code=15068 RO-data=356 RW-data=8 ZI-data=11264  
".\obj\MyFirstJob.axf" - 0 Errors, 0 Warning(s).
Load "F:\\STM32_2014_training\\ADC_FFT_UART\\obj\\MyFirstJob.axf" 
Set JLink Project File to "F:\STM32_2014_training\ADC_FFT_UART\JLinkSettings.ini"
* JLink Info: Device "STM32F103VC" selected (256 KB flash, 48 KB RAM).
 
JLink info:
------------
DLL: V4.62 , compiled Jan 25 2013 15:19:47
Firmware: J-Link ARM V8 compiled Nov 28 2014 13:44:46
Hardware: V8.00
Feature(s) : RDI,FlashDL,FlashBP,JFlash,GDB 
 
* JLink Info: Found SWD-DP with ID 0x1BA01477
* JLink Info: Found SWD-DP with ID 0x1BA01477
* JLink Info: TPIU fitted.
* JLink Info: ETM fitted.
* JLink Info: FPUnit: 6 code (BP) slots and 2 literal slots
* JLink Info: Found Cortex-M3 r1p1, Little endian.
ROMTableAddr = 0xE00FF003
 
Target info:
------------
Device: STM32F103VC
VTarget = 3.306V
State of Pins: 
TCK: 0, TDI: 1, TDO: 1, TMS: 1, TRES: 1, TRST: 1
Hardware-Breakpoints: 6
Software-Breakpoints: 8192
Watchpoints:          4
JTAG speed: 2000 kHz
 
Erase Done.
Programming Done.
Verify OK.
